// Jest Snapshot v1, https://goo.gl/fbAQLP

exports[`<Container /> should render correctly 1`] = `
.c0 {
  max-width: 130rem;
  margin-left: auto;
  margin-right: auto;
  padding-left: calc(3.2rem / 2);
  padding-right: calc(3.2rem / 2);
  width: 100%;
}

<div
  class="c0"
>
  <span>
    Won Games
  </span>
</div>
`;
